// Jest Snapshot v1, https://goo.gl/fbAQLP

exports[`<ActionItem /> displays item when action hasn't been performed 1`] = `
<View
  accessible={true}
  focusable={true}
  onClick={[Function]}
  onResponderGrant={[Function]}
  onResponderMove={[Function]}
  onResponderRelease={[Function]}
  onResponderTerminate={[Function]}
  onResponderTerminationRequest={[Function]}
  onStartShouldSetResponder={[Function]}
  style={
    Object {
      "borderBottomColor": "#fafafa",
      "borderBottomWidth": 1,
      "marginHorizontal": 16,
      "marginVertical": 8,
      "opacity": 1,
      "paddingHorizontal": 10,
      "paddingVertical": 20,
    }
  }
  testID="action-item-touchable-test"
>
  <Text
    style={
      Object {
        "fontSize": 24,
        "paddingBottom": 10,
      }
    }
  >
    Test action item
  </Text>
</View>
`;

exports[`<ActionItem /> displays item when action isn't ready 1`] = `null`;

exports[`<ActionItem /> displays nothing when action has been performed 1`] = `null`;
